CPU "ARCH" Simulator, 2.5a(Jan 22 2015)
-----------------------------------------

Memory sets starting address to 100
100:  11050  LDB   050  A[00000]  B[00000]  XR[000]
101:  2d051  XORB  051  A[00000]  B[aaaaa]  XR[000]
102:  11050  LDB   050  A[00000]  B[fffff]  XR[000]
103:  2d052  XORB  052  A[00000]  B[aaaaa]  XR[000]
104:  11051  LDB   051  A[00000]  B[33333]  XR[000]
105:  2d052  XORB  052  A[00000]  B[55555]  XR[000]
106:  00000  HALT       A[00000]  B[ccccc]  XR[000]

Machine Halted - HALT instruction executed

Simulated time 37 cycles

LAST CPUObject DESTROYED; END OF SIMULATION
