CPU "ARCH" Simulator, 2.5a(Jan 22 2015)
-----------------------------------------

Memory sets starting address to 100
100:  10050  LDA   050  A[00000]  B[00000]  XR[000]
101:  26053  COMA       A[aaaaa]  B[00000]  XR[000]
102:  10051  LDA   051  A[55555]  B[00000]  XR[000]
103:  26053  COMA       A[55555]  B[00000]  XR[000]
104:  10052  LDA   052  A[aaaaa]  B[00000]  XR[000]
105:  26053  COMA       A[99999]  B[00000]  XR[000]
106:  00000  HALT       A[66666]  B[00000]  XR[000]

Machine Halted - HALT instruction executed

Simulated time 34 cycles

LAST CPUObject DESTROYED; END OF SIMULATION
