CPU "ARCH" Simulator, 2.5a(Jan 22 2015)
-----------------------------------------

Memory sets starting address to 100
100:  10020  LDA   020  A[00000]  B[00000]  XR[000]
101:  32103  TZA   103  A[00000]  B[00000]  XR[000]
103:  10021  LDA   021  A[00000]  B[00000]  XR[000]
104:  3210a  TZA   10a  A[00001]  B[00000]  XR[000]
105:  30107  TR    107  A[00001]  B[00000]  XR[000]
107:  10022  LDA   022  A[00001]  B[00000]  XR[000]
108:  3210a  TZA   10a  A[00005]  B[00000]  XR[000]
109:  3010b  TR    10b  A[00005]  B[00000]  XR[000]
10b:  10023  LDA   023  A[00005]  B[00000]  XR[000]
10c:  3210e  TZA   10e  A[fffff]  B[00000]  XR[000]
10d:  3010f  TR    10f  A[fffff]  B[00000]  XR[000]
10f:  10020  LDA   020  A[fffff]  B[00000]  XR[000]
110:  32112  TZA   112  A[00000]  B[00000]  XR[000]
112:  10024  LDA   024  A[00000]  B[00000]  XR[000]
113:  32115  TZA   115  A[ffffb]  B[00000]  XR[000]
114:  30116  TR    116  A[ffffb]  B[00000]  XR[000]
116:  00000  HALT       A[ffffb]  B[00000]  XR[000]

Machine Halted - HALT instruction executed

Simulated time 90 cycles

LAST CPUObject DESTROYED; END OF SIMULATION
