CPU "ARCH" Simulator, 2.5a(Jan 22 2015)
-----------------------------------------

Memory sets starting address to 0
000000:  PS[00]  000001  ????

Machine Halted - opcode error

Simulated time 5 cycles

LAST CPUObject DESTROYED; END OF SIMULATION
