CPU "ARCH" Simulator, 2.5a(Jan 22 2015)
-----------------------------------------

Memory sets starting address to 54
000054:  PS[00]  016701 177720  MOV 177720(R7),R1
000060:  PS[00]  016702 177717  MOV 177717(R7),R2

Machine Halted - unaligned memory access

Simulated time 21 cycles

LAST CPUObject DESTROYED; END OF SIMULATION
