CPU "ARCH" Simulator, 2.5a(Jan 22 2015)
-----------------------------------------

Memory sets starting address to 76
000076:  PS[00]  005003  CLR R3
000100:  PS[04]  010214  MOV R2,(R4)
000102:  PS[04]  000003  BPT
  R0[000000]  R1[000000]  R2[000000]  R3[000000]
  R4[000000]  R5[000000]  R6[000000]  R7[000104]
000104:  PS[04]  016702 000104  MOV 000104(R7),R2
000110:  PS[10]  000003  BPT
  R0[000000]  R1[000000]  R2[177777]  R3[000000]
  R4[000000]  R5[000000]  R6[000000]  R7[000112]
000112:  PS[10]  012703  MOV (R7)+,R3
000116:  PS[00]  000003  BPT
  R0[000000]  R1[000000]  R2[177777]  R3[000123]
  R4[000000]  R5[000000]  R6[000000]  R7[000120]
000120:  PS[00]  000000  HALT

Machine Halted - HALT instruction

Simulated time 47 cycles

LAST CPUObject DESTROYED; END OF SIMULATION
