CPU "ARCH" Simulator, 2.5a(Jan 22 2015)
-----------------------------------------

Memory sets starting address to 102
000102:  PS[00]  010702  MOV R7,R2
000104:  PS[00]  000003  BPT
  R0[000000]  R1[000000]  R2[000104]  R3[000000]
  R4[000000]  R5[000000]  R6[000000]  R7[000106]
000106:  PS[00]  005007  CLR R7
000000:  PS[04]  000000  HALT

Machine Halted - HALT instruction

Simulated time 19 cycles

LAST CPUObject DESTROYED; END OF SIMULATION
