CPU "ARCH" Simulator, 2.5a(Jan 22 2015)
-----------------------------------------

Memory sets starting address to 124
000124:  PS[00]  017701  MOV ????,R1

Machine Halted - mode error

Simulated time 8 cycles

LAST CPUObject DESTROYED; END OF SIMULATION
