CPU "ARCH" Simulator, 2.5a(Jan 22 2015)
-----------------------------------------

Memory sets starting address to 4
000004:  PS[00]  016701 177770  MOV 177770(R7),R1
000010:  PS[00]  016702 177766  MOV 177766(R7),R2
000014:  PS[10]  000003  BPT
  R0[000000]  R1[000001]  R2[177777]  R3[000000]
  R4[000000]  R5[000000]  R6[000000]  R7[000016]
000016:  PS[10]  005001  CLR R1
000020:  PS[04]  000003  BPT
  R0[000000]  R1[000000]  R2[177777]  R3[000000]
  R4[000000]  R5[000000]  R6[000000]  R7[000022]
000022:  PS[04]  005002  CLR R2
000024:  PS[04]  000003  BPT
  R0[000000]  R1[000000]  R2[000000]  R3[000000]
  R4[000000]  R5[000000]  R6[000000]  R7[000026]
000026:  PS[04]  005067 177746  CLR 177746(R7)
000032:  PS[04]  016704 177742  MOV 177742(R7),R4
000036:  PS[04]  000003  BPT
  R0[000000]  R1[000000]  R2[000000]  R3[000000]
  R4[000000]  R5[000000]  R6[000000]  R7[000040]
000040:  PS[04]  005067 177736  CLR 177736(R7)
000044:  PS[04]  016705 177732  MOV 177732(R7),R5
000050:  PS[04]  000003  BPT
  R0[000000]  R1[000000]  R2[000000]  R3[000000]
  R4[000000]  R5[000000]  R6[000000]  R7[000052]
000052:  PS[04]  000000  HALT

Machine Halted - HALT instruction

Simulated time 93 cycles

LAST CPUObject DESTROYED; END OF SIMULATION
