CPU "ARCH" Simulator, 2.5a(Jan 22 2015)
-----------------------------------------

Memory sets starting address to 6
000006:  PS[00]  016701 177766  MOV 177766(R7),R1
000012:  PS[04]  016702 177764  MOV 177764(R7),R2
000016:  PS[10]  016703 177762  MOV 177762(R7),R3
000022:  PS[00]  000003  BPT
  R0[000000]  R1[000000]  R2[177777]  R3[077777]
  R4[000000]  R5[000000]  R6[000000]  R7[000024]
000024:  PS[00]  022701  CMP (R7)+,R1
000030:  PS[04]  022702  CMP (R7)+,R2
000034:  PS[01]  022703  CMP (R7)+,R3
000040:  PS[11]  020127  CMP R1,(R7)+
000044:  PS[04]  020227  CMP R2,(R7)+
000050:  PS[10]  020327  CMP R3,(R7)+
000054:  PS[00]  022767 177716  CMP (R7)+,177716(R7)
000062:  PS[04]  022767 177712  CMP (R7)+,177712(R7)
000070:  PS[01]  022767 177706  CMP (R7)+,177706(R7)
000076:  PS[11]  026727 177676  CMP 177676(R7),(R7)+
000104:  PS[04]  026727 177672  CMP 177672(R7),(R7)+
000112:  PS[10]  026727 177666  CMP 177666(R7),(R7)+
000120:  PS[00]  020101  CMP R1,R1
000122:  PS[04]  020102  CMP R1,R2
000124:  PS[01]  020103  CMP R1,R3
000126:  PS[11]  020201  CMP R2,R1
000130:  PS[10]  020202  CMP R2,R2
000132:  PS[04]  020203  CMP R2,R3
000134:  PS[10]  020301  CMP R3,R1
000136:  PS[00]  020302  CMP R3,R2
000140:  PS[13]  020303  CMP R3,R3
000142:  PS[04]  026767 177632 177630  CMP 177632(R7),177630(R7)
000150:  PS[04]  026767 177624 177624  CMP 177624(R7),177624(R7)
000156:  PS[01]  026767 177616 177620  CMP 177616(R7),177620(R7)
000164:  PS[11]  026767 177612 177606  CMP 177612(R7),177606(R7)
000172:  PS[10]  026767 177604 177602  CMP 177604(R7),177602(R7)
000200:  PS[04]  026767 177576 177576  CMP 177576(R7),177576(R7)
000206:  PS[10]  026767 177572 177564  CMP 177572(R7),177564(R7)
000214:  PS[00]  026767 177564 177560  CMP 177564(R7),177560(R7)
000222:  PS[13]  026767 177556 177554  CMP 177556(R7),177554(R7)
000230:  PS[04]  000000  HALT

Machine Halted - HALT instruction

Simulated time 369 cycles

LAST CPUObject DESTROYED; END OF SIMULATION
