CPU "ARCH" Simulator, 2.5a(Jan 22 2015)
-----------------------------------------

Memory sets starting address to 6
000006:  PS[00]  016701 177766  MOV 177766(R7),R1
000012:  PS[04]  016702 177764  MOV 177764(R7),R2
000016:  PS[10]  016703 177762  MOV 177762(R7),R3
000022:  PS[00]  000003  BPT
  R0[000000]  R1[000000]  R2[177777]  R3[077777]
  R4[000000]  R5[000000]  R6[000000]  R7[000024]
000024:  PS[00]  020101  CMP R1,R1
000026:  PS[04]  001002  BNE 4
000030:  PS[04]  000167 000004  JMP 000004(R7)
000040:  PS[04]  020102  CMP R1,R2
000042:  PS[01]  001002  BNE 4
000050:  PS[01]  000003  BPT
  R0[000000]  R1[000000]  R2[177777]  R3[077777]
  R4[000000]  R5[000000]  R6[000000]  R7[000052]
000052:  PS[01]  000000  HALT

Machine Halted - HALT instruction

Simulated time 77 cycles

LAST CPUObject DESTROYED; END OF SIMULATION
