CPU "ARCH" Simulator, 2.5a(Jan 22 2015)
-----------------------------------------

Memory sets starting address to 6
000006:  PS[00]  016701 177766  MOV 177766(R7),R1
000012:  PS[04]  016702 177764  MOV 177764(R7),R2
000016:  PS[10]  016703 177762  MOV 177762(R7),R3
000022:  PS[00]  000003  BPT
  R0[000000]  R1[000000]  R2[177777]  R3[077777]
  R4[000000]  R5[000000]  R6[000000]  R7[000024]
000024:  PS[00]  005701  TST R1
000026:  PS[04]  005702  TST R2
000030:  PS[10]  005703  TST R3
000032:  PS[00]  005767 177742  TST 177742(R7)
000036:  PS[04]  005767 177740  TST 177740(R7)
000042:  PS[10]  005767 177736  TST 177736(R7)
000046:  PS[00]  000000  HALT

Machine Halted - HALT instruction

Simulated time 81 cycles

LAST CPUObject DESTROYED; END OF SIMULATION
