CPU "ARCH" Simulator, 2.5a(Jan 22 2015)
-----------------------------------------

Memory sets starting address to 6
000006:  PS[00]  016701 177766  MOV 177766(R7),R1
000012:  PS[04]  016702 177764  MOV 177764(R7),R2
000016:  PS[10]  016703 177762  MOV 177762(R7),R3
000022:  PS[00]  000003  BPT
  R0[000000]  R1[000000]  R2[177777]  R3[077777]
  R4[000000]  R5[000000]  R6[000000]  R7[000024]
000024:  PS[00]  020101  CMP R1,R1
000026:  PS[04]  001402  BEQ 4
000034:  PS[04]  020102  CMP R1,R2
000036:  PS[01]  001401  BEQ 2
000040:  PS[01]  000402  BR 4
000046:  PS[01]  000003  BPT
  R0[000000]  R1[000000]  R2[177777]  R3[077777]
  R4[000000]  R5[000000]  R6[000000]  R7[000050]
000050:  PS[01]  000000  HALT

Machine Halted - HALT instruction

Simulated time 78 cycles

LAST CPUObject DESTROYED; END OF SIMULATION
