CPU "ARCH" Simulator, 2.5a(Jan 22 2015)
-----------------------------------------

Memory sets starting address to 0
000000:  PS[00]  000277  SCC
000002:  PS[17]  000257  CCC
000004:  PS[00]  000277  SCC
000006:  PS[17]  000257  CCC
000010:  PS[00]  000000  HALT

Machine Halted - HALT instruction

Simulated time 21 cycles

LAST CPUObject DESTROYED; END OF SIMULATION
