CPU "ARCH" Simulator, 2.5a(Jan 22 2015)
-----------------------------------------

Memory sets starting address to 6
000006:  PS[00]  016701 177766  MOV 177766(R7),R1
000012:  PS[04]  016702 177764  MOV 177764(R7),R2
000016:  PS[10]  016703 177762  MOV 177762(R7),R3
000022:  PS[00]  000003  BPT
  R0[000000]  R1[000000]  R2[177777]  R3[077777]
  R4[000000]  R5[000000]  R6[000000]  R7[000024]
000024:  PS[00]  020301  CMP R3,R1
000026:  PS[00]  003002  BGT 4
000034:  PS[00]  020103  CMP R1,R3
000036:  PS[11]  003001  BGT 2
000040:  PS[11]  000402  BR 4
000046:  PS[11]  020201  CMP R2,R1
000050:  PS[10]  003001  BGT 2
000052:  PS[10]  000402  BR 4
000060:  PS[10]  020102  CMP R1,R2
000062:  PS[01]  003002  BGT 4
000070:  PS[01]  020203  CMP R2,R3
000072:  PS[10]  003001  BGT 2
000074:  PS[10]  000402  BR 4
000102:  PS[10]  020302  CMP R3,R2
000104:  PS[13]  003002  BGT 4
000112:  PS[13]  020101  CMP R1,R1
000114:  PS[04]  003001  BGT 2
000116:  PS[04]  000402  BR 4
000124:  PS[04]  000003  BPT
  R0[000000]  R1[000000]  R2[177777]  R3[077777]
  R4[000000]  R5[000000]  R6[000000]  R7[000126]
000126:  PS[04]  000000  HALT

Machine Halted - HALT instruction

Simulated time 169 cycles

LAST CPUObject DESTROYED; END OF SIMULATION
