CPU "ARCH" Simulator, 2.5a(Jan 22 2015)
-----------------------------------------

Memory sets starting address to 10
000010:  PS[00]  066701 177764  ADD 177764(R7),R1
000014:  PS[00]  000003  BPT
  R0[000000]  R1[000001]  R2[000000]  R3[000000]
  R4[000000]  R5[000000]  R6[000000]  R7[000016]
000016:  PS[00]  066701 177762  ADD 177762(R7),R1
000022:  PS[00]  000003  BPT
  R0[000000]  R1[000006]  R2[000000]  R3[000000]
  R4[000000]  R5[000000]  R6[000000]  R7[000024]
000024:  PS[00]  066701 177752  ADD 177752(R7),R1
000030:  PS[01]  000003  BPT
  R0[000000]  R1[000005]  R2[000000]  R3[000000]
  R4[000000]  R5[000000]  R6[000000]  R7[000032]
000032:  PS[01]  066701 177750  ADD 177750(R7),R1
000036:  PS[05]  000003  BPT
  R0[000000]  R1[000000]  R2[000000]  R3[000000]
  R4[000000]  R5[000000]  R6[000000]  R7[000040]
000040:  PS[05]  066702 177742  ADD 177742(R7),R2
000044:  PS[10]  066702 177736  ADD 177736(R7),R2
000050:  PS[11]  000003  BPT
  R0[000000]  R1[000000]  R2[177766]  R3[000000]
  R4[000000]  R5[000000]  R6[000000]  R7[000052]
000052:  PS[11]  066703 177726  ADD 177726(R7),R3
000056:  PS[00]  066703 177722  ADD 177722(R7),R3
000062:  PS[00]  000003  BPT
  R0[000000]  R1[000000]  R2[177766]  R3[000012]
  R4[000000]  R5[000000]  R6[000000]  R7[000064]
000064:  PS[00]  066704 177714  ADD 177714(R7),R4
000070:  PS[00]  066704 177712  ADD 177712(R7),R4
000074:  PS[05]  066704 177706  ADD 177706(R7),R4
000100:  PS[10]  000003  BPT
  R0[000000]  R1[000000]  R2[177766]  R3[000012]
  R4[177773]  R5[000000]  R6[000000]  R7[000102]
000102:  PS[10]  066705 177700  ADD 177700(R7),R5
000106:  PS[10]  066705 177672  ADD 177672(R7),R5
000112:  PS[05]  066705 177666  ADD 177666(R7),R5
000116:  PS[00]  000003  BPT
  R0[000000]  R1[000000]  R2[177766]  R3[000012]
  R4[177773]  R5[000005]  R6[000000]  R7[000120]
000120:  PS[00]  000000  HALT

Machine Halted - HALT instruction

Simulated time 191 cycles

LAST CPUObject DESTROYED; END OF SIMULATION
