CPU "ARCH" Simulator, 2.5a(Jan 22 2015)
-----------------------------------------

Memory sets starting address to 112
000112:  PS[00]  016701 177662  MOV 177662(R7),R1
000116:  PS[00]  016702 177660  MOV 177660(R7),R2
000122:  PS[00]  016703 177656  MOV 177656(R7),R3
000126:  PS[10]  016704 177654  MOV 177654(R7),R4
000132:  PS[10]  016705 177652  MOV 177652(R7),R5
000136:  PS[00]  000003  BPT
  R0[000000]  R1[000001]  R2[077777]  R3[177777]
  R4[125252]  R5[052525]  R6[000000]  R7[000140]
000140:  PS[00]  005101  COM R1
000142:  PS[11]  005102  COM R2
000144:  PS[11]  005103  COM R3
000146:  PS[05]  005104  COM R4
000150:  PS[01]  005105  COM R5
000152:  PS[11]  000003  BPT
  R0[000000]  R1[177776]  R2[100000]  R3[000000]
  R4[052525]  R5[125252]  R6[000000]  R7[000154]
000154:  PS[11]  005101  COM R1
000156:  PS[01]  005102  COM R2
000160:  PS[01]  005103  COM R3
000162:  PS[11]  005104  COM R4
000164:  PS[11]  005105  COM R5
000166:  PS[01]  000003  BPT
  R0[000000]  R1[000001]  R2[077777]  R3[177777]
  R4[125252]  R5[052525]  R6[000000]  R7[000170]
000170:  PS[01]  000000  HALT

Machine Halted - HALT instruction

Simulated time 117 cycles

LAST CPUObject DESTROYED; END OF SIMULATION
