CPU "ARCH" Simulator, 2.5a(Jan 22 2015)
-----------------------------------------

Memory sets starting address to 0
000000:  PS[00]  000003  BPT
  R0[000000]  R1[000000]  R2[000000]  R3[000000]
  R4[000000]  R5[000000]  R6[000000]  R7[000002]
000002:  PS[00]  012706  MOV (R7)+,R6
000006:  PS[00]  000003  BPT
  R0[000000]  R1[000000]  R2[000000]  R3[000000]
  R4[000000]  R5[000000]  R6[001000]  R7[000010]
000010:  PS[00]  010603  MOV R6,R3
000012:  PS[00]  000003  BPT
  R0[000000]  R1[000000]  R2[000000]  R3[001000]
  R4[000000]  R5[000000]  R6[001000]  R7[000014]
000014:  PS[00]  010367 000030  MOV R3,000030(R7)
000020:  PS[00]  000003  BPT
  R0[000000]  R1[000000]  R2[000000]  R3[001000]
  R4[000000]  R5[000000]  R6[001000]  R7[000022]
000022:  PS[00]  016704 000022  MOV 000022(R7),R4
000026:  PS[00]  000003  BPT
  R0[000000]  R1[000000]  R2[000000]  R3[001000]
  R4[001000]  R5[000000]  R6[001000]  R7[000030]
000030:  PS[00]  016767 000014 000014  MOV 000014(R7),000014(R7)
000036:  PS[00]  000003  BPT
  R0[000000]  R1[000000]  R2[000000]  R3[001000]
  R4[001000]  R5[000000]  R6[001000]  R7[000040]
000040:  PS[00]  016705 000006  MOV 000006(R7),R5
000044:  PS[00]  000003  BPT
  R0[000000]  R1[000000]  R2[000000]  R3[001000]
  R4[001000]  R5[001000]  R6[001000]  R7[000046]
000046:  PS[00]  000000  HALT

Machine Halted - HALT instruction

Simulated time 89 cycles

LAST CPUObject DESTROYED; END OF SIMULATION
