CPU "ARCH" Simulator, 2.5a(Jan 22 2015)
-----------------------------------------

Memory sets starting address to 106
000106:  PS[00]  012706  MOV (R7)+,R6
000112:  PS[00]  016701 177662  MOV 177662(R7),R1
000116:  PS[00]  016702 177660  MOV 177660(R7),R2
000122:  PS[00]  016703 177656  MOV 177656(R7),R3
000126:  PS[00]  000003  BPT
  R0[000000]  R1[000232]  R2[000336]  R3[000442]
  R4[000000]  R5[000000]  R6[001000]  R7[000130]
000130:  PS[00]  000201  RTS R1
000232:  PS[00]  000003  BPT
  R0[000000]  R1[000000]  R2[000336]  R3[000442]
  R4[000000]  R5[000000]  R6[001002]  R7[000234]
000234:  PS[00]  000202  RTS R2
000336:  PS[00]  000003  BPT
  R0[000000]  R1[000000]  R2[000000]  R3[000442]
  R4[000000]  R5[000000]  R6[001004]  R7[000340]
000340:  PS[00]  000203  RTS R3
000442:  PS[00]  000003  BPT
  R0[000000]  R1[000000]  R2[000000]  R3[000000]
  R4[000000]  R5[000000]  R6[001006]  R7[000444]
000444:  PS[00]  000000  HALT

Machine Halted - HALT instruction

Simulated time 71 cycles

LAST CPUObject DESTROYED; END OF SIMULATION
