CPU "ARCH" Simulator, 2.5a(Jan 22 2015)
-----------------------------------------

Memory sets starting address to 6
000006:  PS[00]  016703 177772  MOV 177772(R7),R3
000012:  PS[00]  062703  ADD (R7)+,R3
000016:  PS[12]  102402  BVS 4
000024:  PS[12]  062703  ADD (R7)+,R3
000030:  PS[10]  102002  BVC 4
000036:  PS[10]  016702 177740  MOV 177740(R7),R2
000042:  PS[10]  062702  ADD (R7)+,R2
000046:  PS[10]  102402  BVS 4
000050:  PS[10]  000167 000004  JMP 000004(R7)
000060:  PS[10]  062702  ADD (R7)+,R2
000064:  PS[10]  102002  BVC 4
000072:  PS[10]  000003  BPT
  R0[000000]  R1[000000]  R2[100002]  R3[100001]
  R4[000000]  R5[000000]  R6[000000]  R7[000074]
000074:  PS[10]  000000  HALT

Machine Halted - HALT instruction

Simulated time 99 cycles

LAST CPUObject DESTROYED; END OF SIMULATION
