CPU "ARCH" Simulator, 2.5a(Jan 22 2015)
-----------------------------------------

Memory sets starting address to 0
000000:  PS[00]  000261  SEC
000002:  PS[01]  000241  CLC
000004:  PS[00]  000000  HALT

Machine Halted - HALT instruction

Simulated time 13 cycles

LAST CPUObject DESTROYED; END OF SIMULATION
