CPU "ARCH" Simulator, 2.5a(Jan 22 2015)
-----------------------------------------

Memory sets starting address to 76
000076:  PS[00]  005201  INC R1
000100:  PS[00]  000003  BPT
  R0[000000]  R1[000001]  R2[000000]  R3[000000]
  R4[000000]  R5[000000]  R6[000000]  R7[000102]
000102:  PS[00]  005267 177672  INC 177672(R7)
000106:  PS[00]  016702 177666  MOV 177666(R7),R2
000112:  PS[00]  000003  BPT
  R0[000000]  R1[000001]  R2[000002]  R3[000000]
  R4[000000]  R5[000000]  R6[000000]  R7[000114]
000114:  PS[00]  005267 177660  INC 177660(R7)
000120:  PS[00]  005267 177654  INC 177654(R7)
000124:  PS[00]  016702 177650  MOV 177650(R7),R2
000130:  PS[00]  000003  BPT
  R0[000000]  R1[000001]  R2[000004]  R3[000000]
  R4[000000]  R5[000000]  R6[000000]  R7[000132]
000132:  PS[00]  016703 177714  MOV 177714(R7),R3
000136:  PS[00]  005213  INC (R3)
000140:  PS[00]  016704 177720  MOV 177720(R7),R4
000144:  PS[00]  000003  BPT
  R0[000000]  R1[000001]  R2[000004]  R3[000064]
  R4[000043]  R5[000000]  R6[000000]  R7[000146]
000146:  PS[00]  005223  INC (R3)+
000150:  PS[00]  016705 177710  MOV 177710(R7),R5
000154:  PS[00]  000003  BPT
  R0[000000]  R1[000001]  R2[000004]  R3[000066]
  R4[000043]  R5[000044]  R6[000000]  R7[000156]
000156:  PS[00]  000000  HALT

Machine Halted - HALT instruction

Simulated time 131 cycles

LAST CPUObject DESTROYED; END OF SIMULATION
