CPU "ARCH" Simulator, 2.5a(Jan 22 2015)
-----------------------------------------

Memory sets starting address to 100
100:  10050  LDA   050  A[00000]  B[00000]  XR[000]
101:  20050  ADDA  050  A[00001]  B[00000]  XR[000]
102:  10050  LDA   050  A[00002]  B[00000]  XR[000]
103:  20051  ADDA  051  A[00001]  B[00000]  XR[000]
104:  20050  ADDA  050  A[00006]  B[00000]  XR[000]
105:  10050  LDA   050  A[00007]  B[00000]  XR[000]
106:  20052  ADDA  052  A[00001]  B[00000]  XR[000]
107:  10050  LDA   050  A[00000]  B[00000]  XR[000]
108:  20053  ADDA  053  A[00001]  B[00000]  XR[000]
109:  00000  HALT       A[ffffc]  B[00000]  XR[000]

Machine Halted - HALT instruction executed

Simulated time 53 cycles

LAST CPUObject DESTROYED; END OF SIMULATION
