CPU "ARCH" Simulator, 2.5a(Jan 22 2015)
-----------------------------------------

Memory sets starting address to 100
100:  10050  LDA   050  A[00000]  B[00000]  XR[000]
101:  22050  SUBA  050  A[00001]  B[00000]  XR[000]
102:  10050  LDA   050  A[00000]  B[00000]  XR[000]
103:  22051  SUBA  051  A[00001]  B[00000]  XR[000]
104:  22050  SUBA  050  A[ffffc]  B[00000]  XR[000]
105:  10050  LDA   050  A[ffffb]  B[00000]  XR[000]
106:  22052  SUBA  052  A[00001]  B[00000]  XR[000]
107:  10050  LDA   050  A[00002]  B[00000]  XR[000]
108:  22053  SUBA  053  A[00001]  B[00000]  XR[000]
109:  00000  HALT       A[00006]  B[00000]  XR[000]

Machine Halted - HALT instruction executed

Simulated time 53 cycles

LAST CPUObject DESTROYED; END OF SIMULATION
