CPU "ARCH" Simulator, 2.5a(Jan 22 2015)
-----------------------------------------

Memory sets starting address to 200
200:  17001  LIB   001  A[00000]  B[00000]  XR[000]
201:  17005  LIB   005  A[00000]  B[00001]  XR[000]
202:  177ff  LIB   7ff  A[00000]  B[00005]  XR[000]
203:  17fff  LIB   fff  A[00000]  B[007ff]  XR[000]
204:  17ffb  LIB   ffb  A[00000]  B[fffff]  XR[000]
205:  17800  LIB   800  A[00000]  B[ffffb]  XR[000]
206:  00000  HALT       A[00000]  B[ff800]  XR[000]

Machine Halted - HALT instruction executed

Simulated time 22 cycles

LAST CPUObject DESTROYED; END OF SIMULATION
