CPU "ARCH" Simulator, 2.5a(Jan 22 2015)
-----------------------------------------

Memory sets starting address to 100
100:  10020  LDA   020  A[00000]  B[00000]  XR[000]
101:  34103  TNA   103  A[00000]  B[00000]  XR[000]
102:  30104  TR    104  A[00000]  B[00000]  XR[000]
104:  10021  LDA   021  A[00000]  B[00000]  XR[000]
105:  34107  TNA   107  A[00001]  B[00000]  XR[000]
106:  30108  TR    108  A[00001]  B[00000]  XR[000]
108:  10022  LDA   022  A[00001]  B[00000]  XR[000]
109:  3410b  TNA   10b  A[00005]  B[00000]  XR[000]
10a:  3010c  TR    10c  A[00005]  B[00000]  XR[000]
10c:  10023  LDA   023  A[00005]  B[00000]  XR[000]
10d:  3410f  TNA   10f  A[fffff]  B[00000]  XR[000]
10f:  10020  LDA   020  A[fffff]  B[00000]  XR[000]
110:  34112  TNA   112  A[00000]  B[00000]  XR[000]
111:  30113  TR    113  A[00000]  B[00000]  XR[000]
113:  10024  LDA   024  A[00000]  B[00000]  XR[000]
114:  34116  TNA   116  A[ffffb]  B[00000]  XR[000]
116:  00000  HALT       A[ffffb]  B[00000]  XR[000]

Machine Halted - HALT instruction executed

Simulated time 90 cycles

LAST CPUObject DESTROYED; END OF SIMULATION
