CPU "ARCH" Simulator, 2.5a(Jan 22 2015)
-----------------------------------------

Memory sets starting address to 200
200:  10100  LDA   100  A[00000]  B[00000]  XR[000]
201:  14150  EMA   150  A[00001]  B[00000]  XR[000]
202:  14150  EMA   150  A[00ace]  B[00000]  XR[000]
203:  10101  LDA   101  A[00001]  B[00000]  XR[000]
204:  14150  EMA   150  A[00005]  B[00000]  XR[000]
205:  14150  EMA   150  A[00ace]  B[00000]  XR[000]
206:  10102  LDA   102  A[00005]  B[00000]  XR[000]
207:  14150  EMA   150  A[1ffff]  B[00000]  XR[000]
208:  14150  EMA   150  A[00ace]  B[00000]  XR[000]
209:  10103  LDA   103  A[1ffff]  B[00000]  XR[000]
20a:  14150  EMA   150  A[1fffb]  B[00000]  XR[000]
20b:  14150  EMA   150  A[00ace]  B[00000]  XR[000]
20c:  00000  HALT       A[1fffb]  B[00000]  XR[000]

Machine Halted - HALT instruction executed

Simulated time 84 cycles

LAST CPUObject DESTROYED; END OF SIMULATION
